{ "frames": {
   "example 0.ase": {
    "frame": { "x": 0, "y": 0, "w": 48, "h": 32 },
    "rotated": false,
    "trimmed": false,
    "spriteSourceSize": { "x": 0, "y": 0, "w": 48, "h": 32 },
    "sourceSize": { "w": 48, "h": 32 },
    "duration": 100
   },
   "example 1.ase": {
    "frame": { "x": 48, "y": 0, "w": 48, "h": 32 },
    "rotated": false,
    "trimmed": false,
    "spriteSourceSize": { "x": 0, "y": 0, "w": 48, "h": 32 },
    "sourceSize": { "w": 48, "h": 32 },
    "duration": 100
   },
   "example 2.ase": {
    "frame": { "x": 96, "y": 0, "w": 48, "h": 32 },
    "rotated": false,
    "trimmed": false,
    "spriteSourceSize": { "x": 0, "y": 0, "w": 48, "h": 32 },
    "sourceSize": { "w": 48, "h": 32 },
    "duration": 100
   },
   "example 3.ase": {
    "frame": { "x": 144, "y": 0, "w": 48, "h": 32 },
    "rotated": false,
    "trimmed": false,
    "spriteSourceSize": { "x": 0, "y": 0, "w": 48, "h": 32 },
    "sourceSize": { "w": 48, "h": 32 },
    "duration": 100
   },
   "example 4.ase": {
    "frame": { "x": 192, "y": 0, "w": 48, "h": 32 },
    "rotated": false,
    "trimmed": false,
    "spriteSourceSize": { "x": 0, "y": 0, "w": 48, "h": 32 },
    "sourceSize": { "w": 48, "h": 32 },
    "duration": 100
   },
   "example 5.ase": {
    "frame": { "x": 240, "y": 0, "w": 48, "h": 32 },
    "rotated": false,
    "trimmed": false,
    "spriteSourceSize": { "x": 0, "y": 0, "w": 48, "h": 32 },
    "sourceSize": { "w": 48, "h": 32 },
    "duration": 100
   },
   "example 6.ase": {
    "frame": { "x": 288, "y": 0, "w": 48, "h": 32 },
    "rotated": false,
    "trimmed": false,
    "spriteSourceSize": { "x": 0, "y": 0, "w": 48, "h": 32 },
    "sourceSize": { "w": 48, "h": 32 },
    "duration": 100
   },
   "example 7.ase": {
    "frame": { "x": 336, "y": 0, "w": 48, "h": 32 },
    "rotated": false,
    "trimmed": false,
    "spriteSourceSize": { "x": 0, "y": 0, "w": 48, "h": 32 },
    "sourceSize": { "w": 48, "h": 32 },
    "duration": 100
   },
   "example 8.ase": {
    "frame": { "x": 384, "y": 0, "w": 48, "h": 32 },
    "rotated": false,
    "trimmed": false,
    "spriteSourceSize": { "x": 0, "y": 0, "w": 48, "h": 32 },
    "sourceSize": { "w": 48, "h": 32 },
    "duration": 100
   }
 },
 "meta": {
  "app": "http://www.aseprite.org/",
  "version": "1.x-dev",
  "format": "I8",
  "size": { "w": 432, "h": 32 },
  "scale": "1",
  "frameTags": [
   { "name": "tag_a_name", "from": 0, "to": 2, "direction": "forward" },
   { "name": "tag_b_name", "from": 3, "to": 5, "direction": "reverse" },
   { "name": "tag_c_name", "from": 6, "to": 8, "direction": "pingpong" }
  ]
 }
}
